sibiraja@dhcp-10-250-189-41 lsm_tree_db % make clean
rm -f database database.o lsm.o *.data
sibiraja@dhcp-10-250-189-41 lsm_tree_db % make
g++ -std=c++11 -g -Wall -Wextra -pedantic -Wno-missing-field-initializers -ggdb -c database.cpp -o database.o
g++ -std=c++11 -g -Wall -Wextra -pedantic -Wno-missing-field-initializers -ggdb -c lsm.cpp -o lsm.o
g++ -std=c++11 -g -Wall -Wextra -pedantic -Wno-missing-field-initializers -ggdb -o database database.o lsm.o
sibiraja@dhcp-10-250-189-41 lsm_tree_db % ./database < commands.txt 
NAIVE SUM OF ALL CURR_SIZE_ VARIABLES: 659
Logical Pairs: 659
LVL0: 0, LVL1: 659, LVL2: 0, LVL3: 0, LVL4: 0, LVL5: 0, LVL6: 0, LVL7: 0, LVL8: 0, LVL9: 0, LVL10: 0, 

1:-1:L1 2:-2:L1 3:-3:L1 4:-4:L1 5:-5:L1 6:-6:L1 7:-7:L1 8:-8:L1 9:-9:L1 10:-10:L1 11:-11:L1 12:-12:L1 13:-13:L1 14:-14:L1 15:-15:L1 16:-16:L1 17:-17:L1 18:-18:L1 19:-19:L1 20:-20:L1 21:-21:L1 22:-22:L1 23:-23:L1 24:-24:L1 25:-25:L1 26:-26:L1 27:-27:L1 28:-28:L1 29:-29:L1 30:-30:L1 31:-31:L1 32:-32:L1 33:-33:L1 34:-34:L1 35:-35:L1 36:-36:L1 37:-37:L1 38:-38:L1 39:-39:L1 40:-40:L1 41:-41:L1 42:-42:L1 43:-43:L1 44:-44:L1 45:-45:L1 46:-46:L1 47:-47:L1 48:-48:L1 49:-49:L1 50:-50:L1 51:-51:L1 52:-52:L1 53:-53:L1 54:-54:L1 55:-55:L1 56:-56:L1 57:-57:L1 58:-58:L1 59:-59:L1 60:-60:L1 61:-61:L1 62:-62:L1 63:-63:L1 64:-64:L1 65:-65:L1 66:-66:L1 67:-67:L1 68:-68:L1 69:-69:L1 70:-70:L1 71:-71:L1 72:-72:L1 73:-73:L1 74:-74:L1 75:-75:L1 76:-76:L1 77:-77:L1 78:-78:L1 79:-79:L1 80:-80:L1 81:-81:L1 82:-82:L1 83:-83:L1 84:-84:L1 85:-85:L1 86:-86:L1 87:-87:L1 88:-88:L1 89:-89:L1 90:-90:L1 91:-91:L1 92:-92:L1 93:-93:L1 94:-94:L1 95:-95:L1 96:-96:L1 97:-97:L1 98:-98:L1 99:-99:L1 100:-100:L1 101:-101:L1 102:-102:L1 103:-103:L1 104:-104:L1 105:-105:L1 106:-106:L1 107:-107:L1 108:-108:L1 109:-109:L1 110:-110:L1 111:-111:L1 112:-112:L1 113:-113:L1 114:-114:L1 115:-115:L1 116:-116:L1 117:-117:L1 118:-118:L1 119:-119:L1 120:-120:L1 121:-121:L1 122:-122:L1 123:-123:L1 124:-124:L1 125:-125:L1 126:-126:L1 127:-127:L1 128:-128:L1 129:-129:L1 130:-130:L1 131:-131:L1 132:-132:L1 133:-133:L1 134:-134:L1 135:-135:L1 136:-136:L1 137:-137:L1 138:-138:L1 139:-139:L1 140:-140:L1 141:-141:L1 142:-142:L1 143:-143:L1 144:-144:L1 145:-145:L1 146:-146:L1 147:-147:L1 148:-148:L1 149:-149:L1 150:-150:L1 151:-151:L1 152:-152:L1 153:-153:L1 154:-154:L1 155:-155:L1 156:-156:L1 157:-157:L1 158:-158:L1 159:-159:L1 160:-160:L1 161:-161:L1 162:-162:L1 163:-163:L1 164:-164:L1 165:-165:L1 166:-166:L1 167:-167:L1 168:-168:L1 169:-169:L1 170:-170:L1 171:-171:L1 172:-172:L1 173:-173:L1 174:-174:L1 175:-175:L1 176:-176:L1 177:-177:L1 178:-178:L1 179:-179:L1 180:-180:L1 181:-181:L1 182:-182:L1 183:-183:L1 184:-184:L1 185:-185:L1 186:-186:L1 187:-187:L1 188:-188:L1 189:-189:L1 190:-190:L1 191:-191:L1 192:-192:L1 193:-193:L1 194:-194:L1 195:-195:L1 196:-196:L1 197:-197:L1 198:-198:L1 199:-199:L1 200:-200:L1 201:-201:L1 202:-202:L1 203:-203:L1 204:-204:L1 205:-205:L1 206:-206:L1 207:-207:L1 208:-208:L1 209:-209:L1 210:-210:L1 211:-211:L1 212:-212:L1 213:-213:L1 214:-214:L1 215:-215:L1 216:-216:L1 217:-217:L1 218:-218:L1 219:-219:L1 220:-220:L1 221:-221:L1 222:-222:L1 223:-223:L1 224:-224:L1 225:-225:L1 226:-226:L1 227:-227:L1 228:-228:L1 229:-229:L1 230:-230:L1 231:-231:L1 232:-232:L1 233:-233:L1 234:-234:L1 235:-235:L1 236:-236:L1 237:-237:L1 238:-238:L1 239:-239:L1 240:-240:L1 241:-241:L1 242:-242:L1 243:-243:L1 244:-244:L1 245:-245:L1 246:-246:L1 247:-247:L1 248:-248:L1 249:-249:L1 250:-250:L1 251:-251:L1 252:-252:L1 253:-253:L1 254:-254:L1 255:-255:L1 256:-256:L1 257:-257:L1 258:-258:L1 259:-259:L1 260:-260:L1 261:-261:L1 262:-262:L1 263:-263:L1 264:-264:L1 265:-265:L1 266:-266:L1 267:-267:L1 268:-268:L1 269:-269:L1 270:-270:L1 271:-271:L1 272:-272:L1 273:-273:L1 274:-274:L1 275:-275:L1 276:-276:L1 277:-277:L1 278:-278:L1 279:-279:L1 280:-280:L1 281:-281:L1 282:-282:L1 283:-283:L1 284:-284:L1 285:-285:L1 286:-286:L1 287:-287:L1 288:-288:L1 289:-289:L1 290:-290:L1 291:-291:L1 292:-292:L1 293:-293:L1 294:-294:L1 295:-295:L1 296:-296:L1 297:-297:L1 298:-298:L1 299:-299:L1 300:-300:L1 301:-301:L1 302:-302:L1 303:-303:L1 304:-304:L1 305:-305:L1 306:-306:L1 307:-307:L1 308:-308:L1 309:-309:L1 310:-310:L1 311:-311:L1 312:-312:L1 313:-313:L1 314:-314:L1 315:-315:L1 316:-316:L1 317:-317:L1 318:-318:L1 319:-319:L1 320:-320:L1 321:-321:L1 322:-322:L1 323:-323:L1 324:-324:L1 325:-325:L1 326:-326:L1 327:-327:L1 328:-328:L1 329:-329:L1 330:-330:L1 331:-331:L1 332:-332:L1 333:-333:L1 334:-334:L1 335:-335:L1 336:-336:L1 337:-337:L1 338:-338:L1 339:-339:L1 340:-340:L1 341:-341:L1 683:-683:L1 684:-684:L1 685:-685:L1 686:-686:L1 687:-687:L1 688:-688:L1 689:-689:L1 690:-690:L1 691:-691:L1 692:-692:L1 693:-693:L1 694:-694:L1 695:-695:L1 696:-696:L1 697:-697:L1 698:-698:L1 699:-699:L1 700:-700:L1 701:-701:L1 702:-702:L1 703:-703:L1 704:-704:L1 705:-705:L1 706:-706:L1 707:-707:L1 708:-708:L1 709:-709:L1 710:-710:L1 711:-711:L1 712:-712:L1 713:-713:L1 714:-714:L1 715:-715:L1 716:-716:L1 717:-717:L1 718:-718:L1 719:-719:L1 720:-720:L1 721:-721:L1 722:-722:L1 723:-723:L1 724:-724:L1 725:-725:L1 726:-726:L1 727:-727:L1 728:-728:L1 729:-729:L1 730:-730:L1 731:-731:L1 732:-732:L1 733:-733:L1 734:-734:L1 735:-735:L1 736:-736:L1 737:-737:L1 738:-738:L1 739:-739:L1 740:-740:L1 741:-741:L1 742:-742:L1 743:-743:L1 744:-744:L1 745:-745:L1 746:-746:L1 747:-747:L1 748:-748:L1 749:-749:L1 750:-750:L1 751:-751:L1 752:-752:L1 753:-753:L1 754:-754:L1 755:-755:L1 756:-756:L1 757:-757:L1 758:-758:L1 759:-759:L1 760:-760:L1 761:-761:L1 762:-762:L1 763:-763:L1 764:-764:L1 765:-765:L1 766:-766:L1 767:-767:L1 768:-768:L1 769:-769:L1 770:-770:L1 771:-771:L1 772:-772:L1 773:-773:L1 774:-774:L1 775:-775:L1 776:-776:L1 777:-777:L1 778:-778:L1 779:-779:L1 780:-780:L1 781:-781:L1 782:-782:L1 783:-783:L1 784:-784:L1 785:-785:L1 786:-786:L1 787:-787:L1 788:-788:L1 789:-789:L1 790:-790:L1 791:-791:L1 792:-792:L1 793:-793:L1 794:-794:L1 795:-795:L1 796:-796:L1 797:-797:L1 798:-798:L1 799:-799:L1 800:-800:L1 801:-801:L1 802:-802:L1 803:-803:L1 804:-804:L1 805:-805:L1 806:-806:L1 807:-807:L1 808:-808:L1 809:-809:L1 810:-810:L1 811:-811:L1 812:-812:L1 813:-813:L1 814:-814:L1 815:-815:L1 816:-816:L1 817:-817:L1 818:-818:L1 819:-819:L1 820:-820:L1 821:-821:L1 822:-822:L1 823:-823:L1 824:-824:L1 825:-825:L1 826:-826:L1 827:-827:L1 828:-828:L1 829:-829:L1 830:-830:L1 831:-831:L1 832:-832:L1 833:-833:L1 834:-834:L1 835:-835:L1 836:-836:L1 837:-837:L1 838:-838:L1 839:-839:L1 840:-840:L1 841:-841:L1 842:-842:L1 843:-843:L1 844:-844:L1 845:-845:L1 846:-846:L1 847:-847:L1 848:-848:L1 849:-849:L1 850:-850:L1 851:-851:L1 852:-852:L1 853:-853:L1 854:-854:L1 855:-855:L1 856:-856:L1 857:-857:L1 858:-858:L1 859:-859:L1 860:-860:L1 861:-861:L1 862:-862:L1 863:-863:L1 864:-864:L1 865:-865:L1 866:-866:L1 867:-867:L1 868:-868:L1 869:-869:L1 870:-870:L1 871:-871:L1 872:-872:L1 873:-873:L1 874:-874:L1 875:-875:L1 876:-876:L1 877:-877:L1 878:-878:L1 879:-879:L1 880:-880:L1 881:-881:L1 882:-882:L1 883:-883:L1 884:-884:L1 885:-885:L1 886:-886:L1 887:-887:L1 888:-888:L1 889:-889:L1 890:-890:L1 891:-891:L1 892:-892:L1 893:-893:L1 894:-894:L1 895:-895:L1 896:-896:L1 897:-897:L1 898:-898:L1 899:-899:L1 900:-900:L1 901:-901:L1 902:-902:L1 903:-903:L1 904:-904:L1 905:-905:L1 906:-906:L1 907:-907:L1 908:-908:L1 909:-909:L1 910:-910:L1 911:-911:L1 912:-912:L1 913:-913:L1 914:-914:L1 915:-915:L1 916:-916:L1 917:-917:L1 918:-918:L1 919:-919:L1 920:-920:L1 921:-921:L1 922:-922:L1 923:-923:L1 924:-924:L1 925:-925:L1 926:-926:L1 927:-927:L1 928:-928:L1 929:-929:L1 930:-930:L1 931:-931:L1 932:-932:L1 933:-933:L1 934:-934:L1 935:-935:L1 936:-936:L1 937:-937:L1 938:-938:L1 939:-939:L1 940:-940:L1 941:-941:L1 942:-942:L1 943:-943:L1 944:-944:L1 945:-945:L1 946:-946:L1 947:-947:L1 948:-948:L1 949:-949:L1 950:-950:L1 951:-951:L1 952:-952:L1 953:-953:L1 954:-954:L1 955:-955:L1 956:-956:L1 957:-957:L1 958:-958:L1 959:-959:L1 960:-960:L1 961:-961:L1 962:-962:L1 963:-963:L1 964:-964:L1 965:-965:L1 966:-966:L1 967:-967:L1 968:-968:L1 969:-969:L1 970:-970:L1 971:-971:L1 972:-972:L1 973:-973:L1 974:-974:L1 975:-975:L1 976:-976:L1 977:-977:L1 978:-978:L1 979:-979:L1 980:-980:L1 981:-981:L1 982:-982:L1 983:-983:L1 984:-984:L1 985:-985:L1 986:-986:L1 987:-987:L1 988:-988:L1 989:-989:L1 990:-990:L1 991:-991:L1 992:-992:L1 993:-993:L1 994:-994:L1 995:-995:L1 996:-996:L1 997:-997:L1 998:-998:L1 999:-999:L1 1000:-1000:L1 

NAIVE SUM OF ALL CURR_SIZE_ VARIABLES: 660
Logical Pairs: 659
LVL0: 1, LVL1: 659, LVL2: 0, LVL3: 0, LVL4: 0, LVL5: 0, LVL6: 0, LVL7: 0, LVL8: 0, LVL9: 0, LVL10: 0, 

425:0:L0 

1:-1:L1 2:-2:L1 3:-3:L1 4:-4:L1 5:-5:L1 6:-6:L1 7:-7:L1 8:-8:L1 9:-9:L1 10:-10:L1 11:-11:L1 12:-12:L1 13:-13:L1 14:-14:L1 15:-15:L1 16:-16:L1 17:-17:L1 18:-18:L1 19:-19:L1 20:-20:L1 21:-21:L1 22:-22:L1 23:-23:L1 24:-24:L1 25:-25:L1 26:-26:L1 27:-27:L1 28:-28:L1 29:-29:L1 30:-30:L1 31:-31:L1 32:-32:L1 33:-33:L1 34:-34:L1 35:-35:L1 36:-36:L1 37:-37:L1 38:-38:L1 39:-39:L1 40:-40:L1 41:-41:L1 42:-42:L1 43:-43:L1 44:-44:L1 45:-45:L1 46:-46:L1 47:-47:L1 48:-48:L1 49:-49:L1 50:-50:L1 51:-51:L1 52:-52:L1 53:-53:L1 54:-54:L1 55:-55:L1 56:-56:L1 57:-57:L1 58:-58:L1 59:-59:L1 60:-60:L1 61:-61:L1 62:-62:L1 63:-63:L1 64:-64:L1 65:-65:L1 66:-66:L1 67:-67:L1 68:-68:L1 69:-69:L1 70:-70:L1 71:-71:L1 72:-72:L1 73:-73:L1 74:-74:L1 75:-75:L1 76:-76:L1 77:-77:L1 78:-78:L1 79:-79:L1 80:-80:L1 81:-81:L1 82:-82:L1 83:-83:L1 84:-84:L1 85:-85:L1 86:-86:L1 87:-87:L1 88:-88:L1 89:-89:L1 90:-90:L1 91:-91:L1 92:-92:L1 93:-93:L1 94:-94:L1 95:-95:L1 96:-96:L1 97:-97:L1 98:-98:L1 99:-99:L1 100:-100:L1 101:-101:L1 102:-102:L1 103:-103:L1 104:-104:L1 105:-105:L1 106:-106:L1 107:-107:L1 108:-108:L1 109:-109:L1 110:-110:L1 111:-111:L1 112:-112:L1 113:-113:L1 114:-114:L1 115:-115:L1 116:-116:L1 117:-117:L1 118:-118:L1 119:-119:L1 120:-120:L1 121:-121:L1 122:-122:L1 123:-123:L1 124:-124:L1 125:-125:L1 126:-126:L1 127:-127:L1 128:-128:L1 129:-129:L1 130:-130:L1 131:-131:L1 132:-132:L1 133:-133:L1 134:-134:L1 135:-135:L1 136:-136:L1 137:-137:L1 138:-138:L1 139:-139:L1 140:-140:L1 141:-141:L1 142:-142:L1 143:-143:L1 144:-144:L1 145:-145:L1 146:-146:L1 147:-147:L1 148:-148:L1 149:-149:L1 150:-150:L1 151:-151:L1 152:-152:L1 153:-153:L1 154:-154:L1 155:-155:L1 156:-156:L1 157:-157:L1 158:-158:L1 159:-159:L1 160:-160:L1 161:-161:L1 162:-162:L1 163:-163:L1 164:-164:L1 165:-165:L1 166:-166:L1 167:-167:L1 168:-168:L1 169:-169:L1 170:-170:L1 171:-171:L1 172:-172:L1 173:-173:L1 174:-174:L1 175:-175:L1 176:-176:L1 177:-177:L1 178:-178:L1 179:-179:L1 180:-180:L1 181:-181:L1 182:-182:L1 183:-183:L1 184:-184:L1 185:-185:L1 186:-186:L1 187:-187:L1 188:-188:L1 189:-189:L1 190:-190:L1 191:-191:L1 192:-192:L1 193:-193:L1 194:-194:L1 195:-195:L1 196:-196:L1 197:-197:L1 198:-198:L1 199:-199:L1 200:-200:L1 201:-201:L1 202:-202:L1 203:-203:L1 204:-204:L1 205:-205:L1 206:-206:L1 207:-207:L1 208:-208:L1 209:-209:L1 210:-210:L1 211:-211:L1 212:-212:L1 213:-213:L1 214:-214:L1 215:-215:L1 216:-216:L1 217:-217:L1 218:-218:L1 219:-219:L1 220:-220:L1 221:-221:L1 222:-222:L1 223:-223:L1 224:-224:L1 225:-225:L1 226:-226:L1 227:-227:L1 228:-228:L1 229:-229:L1 230:-230:L1 231:-231:L1 232:-232:L1 233:-233:L1 234:-234:L1 235:-235:L1 236:-236:L1 237:-237:L1 238:-238:L1 239:-239:L1 240:-240:L1 241:-241:L1 242:-242:L1 243:-243:L1 244:-244:L1 245:-245:L1 246:-246:L1 247:-247:L1 248:-248:L1 249:-249:L1 250:-250:L1 251:-251:L1 252:-252:L1 253:-253:L1 254:-254:L1 255:-255:L1 256:-256:L1 257:-257:L1 258:-258:L1 259:-259:L1 260:-260:L1 261:-261:L1 262:-262:L1 263:-263:L1 264:-264:L1 265:-265:L1 266:-266:L1 267:-267:L1 268:-268:L1 269:-269:L1 270:-270:L1 271:-271:L1 272:-272:L1 273:-273:L1 274:-274:L1 275:-275:L1 276:-276:L1 277:-277:L1 278:-278:L1 279:-279:L1 280:-280:L1 281:-281:L1 282:-282:L1 283:-283:L1 284:-284:L1 285:-285:L1 286:-286:L1 287:-287:L1 288:-288:L1 289:-289:L1 290:-290:L1 291:-291:L1 292:-292:L1 293:-293:L1 294:-294:L1 295:-295:L1 296:-296:L1 297:-297:L1 298:-298:L1 299:-299:L1 300:-300:L1 301:-301:L1 302:-302:L1 303:-303:L1 304:-304:L1 305:-305:L1 306:-306:L1 307:-307:L1 308:-308:L1 309:-309:L1 310:-310:L1 311:-311:L1 312:-312:L1 313:-313:L1 314:-314:L1 315:-315:L1 316:-316:L1 317:-317:L1 318:-318:L1 319:-319:L1 320:-320:L1 321:-321:L1 322:-322:L1 323:-323:L1 324:-324:L1 325:-325:L1 326:-326:L1 327:-327:L1 328:-328:L1 329:-329:L1 330:-330:L1 331:-331:L1 332:-332:L1 333:-333:L1 334:-334:L1 335:-335:L1 336:-336:L1 337:-337:L1 338:-338:L1 339:-339:L1 340:-340:L1 341:-341:L1 683:-683:L1 684:-684:L1 685:-685:L1 686:-686:L1 687:-687:L1 688:-688:L1 689:-689:L1 690:-690:L1 691:-691:L1 692:-692:L1 693:-693:L1 694:-694:L1 695:-695:L1 696:-696:L1 697:-697:L1 698:-698:L1 699:-699:L1 700:-700:L1 701:-701:L1 702:-702:L1 703:-703:L1 704:-704:L1 705:-705:L1 706:-706:L1 707:-707:L1 708:-708:L1 709:-709:L1 710:-710:L1 711:-711:L1 712:-712:L1 713:-713:L1 714:-714:L1 715:-715:L1 716:-716:L1 717:-717:L1 718:-718:L1 719:-719:L1 720:-720:L1 721:-721:L1 722:-722:L1 723:-723:L1 724:-724:L1 725:-725:L1 726:-726:L1 727:-727:L1 728:-728:L1 729:-729:L1 730:-730:L1 731:-731:L1 732:-732:L1 733:-733:L1 734:-734:L1 735:-735:L1 736:-736:L1 737:-737:L1 738:-738:L1 739:-739:L1 740:-740:L1 741:-741:L1 742:-742:L1 743:-743:L1 744:-744:L1 745:-745:L1 746:-746:L1 747:-747:L1 748:-748:L1 749:-749:L1 750:-750:L1 751:-751:L1 752:-752:L1 753:-753:L1 754:-754:L1 755:-755:L1 756:-756:L1 757:-757:L1 758:-758:L1 759:-759:L1 760:-760:L1 761:-761:L1 762:-762:L1 763:-763:L1 764:-764:L1 765:-765:L1 766:-766:L1 767:-767:L1 768:-768:L1 769:-769:L1 770:-770:L1 771:-771:L1 772:-772:L1 773:-773:L1 774:-774:L1 775:-775:L1 776:-776:L1 777:-777:L1 778:-778:L1 779:-779:L1 780:-780:L1 781:-781:L1 782:-782:L1 783:-783:L1 784:-784:L1 785:-785:L1 786:-786:L1 787:-787:L1 788:-788:L1 789:-789:L1 790:-790:L1 791:-791:L1 792:-792:L1 793:-793:L1 794:-794:L1 795:-795:L1 796:-796:L1 797:-797:L1 798:-798:L1 799:-799:L1 800:-800:L1 801:-801:L1 802:-802:L1 803:-803:L1 804:-804:L1 805:-805:L1 806:-806:L1 807:-807:L1 808:-808:L1 809:-809:L1 810:-810:L1 811:-811:L1 812:-812:L1 813:-813:L1 814:-814:L1 815:-815:L1 816:-816:L1 817:-817:L1 818:-818:L1 819:-819:L1 820:-820:L1 821:-821:L1 822:-822:L1 823:-823:L1 824:-824:L1 825:-825:L1 826:-826:L1 827:-827:L1 828:-828:L1 829:-829:L1 830:-830:L1 831:-831:L1 832:-832:L1 833:-833:L1 834:-834:L1 835:-835:L1 836:-836:L1 837:-837:L1 838:-838:L1 839:-839:L1 840:-840:L1 841:-841:L1 842:-842:L1 843:-843:L1 844:-844:L1 845:-845:L1 846:-846:L1 847:-847:L1 848:-848:L1 849:-849:L1 850:-850:L1 851:-851:L1 852:-852:L1 853:-853:L1 854:-854:L1 855:-855:L1 856:-856:L1 857:-857:L1 858:-858:L1 859:-859:L1 860:-860:L1 861:-861:L1 862:-862:L1 863:-863:L1 864:-864:L1 865:-865:L1 866:-866:L1 867:-867:L1 868:-868:L1 869:-869:L1 870:-870:L1 871:-871:L1 872:-872:L1 873:-873:L1 874:-874:L1 875:-875:L1 876:-876:L1 877:-877:L1 878:-878:L1 879:-879:L1 880:-880:L1 881:-881:L1 882:-882:L1 883:-883:L1 884:-884:L1 885:-885:L1 886:-886:L1 887:-887:L1 888:-888:L1 889:-889:L1 890:-890:L1 891:-891:L1 892:-892:L1 893:-893:L1 894:-894:L1 895:-895:L1 896:-896:L1 897:-897:L1 898:-898:L1 899:-899:L1 900:-900:L1 901:-901:L1 902:-902:L1 903:-903:L1 904:-904:L1 905:-905:L1 906:-906:L1 907:-907:L1 908:-908:L1 909:-909:L1 910:-910:L1 911:-911:L1 912:-912:L1 913:-913:L1 914:-914:L1 915:-915:L1 916:-916:L1 917:-917:L1 918:-918:L1 919:-919:L1 920:-920:L1 921:-921:L1 922:-922:L1 923:-923:L1 924:-924:L1 925:-925:L1 926:-926:L1 927:-927:L1 928:-928:L1 929:-929:L1 930:-930:L1 931:-931:L1 932:-932:L1 933:-933:L1 934:-934:L1 935:-935:L1 936:-936:L1 937:-937:L1 938:-938:L1 939:-939:L1 940:-940:L1 941:-941:L1 942:-942:L1 943:-943:L1 944:-944:L1 945:-945:L1 946:-946:L1 947:-947:L1 948:-948:L1 949:-949:L1 950:-950:L1 951:-951:L1 952:-952:L1 953:-953:L1 954:-954:L1 955:-955:L1 956:-956:L1 957:-957:L1 958:-958:L1 959:-959:L1 960:-960:L1 961:-961:L1 962:-962:L1 963:-963:L1 964:-964:L1 965:-965:L1 966:-966:L1 967:-967:L1 968:-968:L1 969:-969:L1 970:-970:L1 971:-971:L1 972:-972:L1 973:-973:L1 974:-974:L1 975:-975:L1 976:-976:L1 977:-977:L1 978:-978:L1 979:-979:L1 980:-980:L1 981:-981:L1 982:-982:L1 983:-983:L1 984:-984:L1 985:-985:L1 986:-986:L1 987:-987:L1 988:-988:L1 989:-989:L1 990:-990:L1 991:-991:L1 992:-992:L1 993:-993:L1 994:-994:L1 995:-995:L1 996:-996:L1 997:-997:L1 998:-998:L1 999:-999:L1 1000:-1000:L1 

sibiraja@dhcp-10-250-189-41 lsm_tree_db % make clean               
rm -f database database.o lsm.o *.data
sibiraja@dhcp-10-250-189-41 lsm_tree_db % make
g++ -std=c++11 -g -Wall -Wextra -pedantic -Wno-missing-field-initializers -ggdb -c database.cpp -o database.o
g++ -std=c++11 -g -Wall -Wextra -pedantic -Wno-missing-field-initializers -ggdb -c lsm.cpp -o lsm.o
g++ -std=c++11 -g -Wall -Wextra -pedantic -Wno-missing-field-initializers -ggdb -o database database.o lsm.o
sibiraja@dhcp-10-250-189-41 lsm_tree_db % ./database < commands.txt
NAIVE SUM OF ALL CURR_SIZE_ VARIABLES: 1000
Logical Pairs: 1000
LVL0: 0, LVL1: 1000, LVL2: 0, LVL3: 0, LVL4: 0, LVL5: 0, LVL6: 0, LVL7: 0, LVL8: 0, LVL9: 0, LVL10: 0, 

1:-1:L1 2:-2:L1 3:-3:L1 4:-4:L1 5:-5:L1 6:-6:L1 7:-7:L1 8:-8:L1 9:-9:L1 10:-10:L1 11:-11:L1 12:-12:L1 13:-13:L1 14:-14:L1 15:-15:L1 16:-16:L1 17:-17:L1 18:-18:L1 19:-19:L1 20:-20:L1 21:-21:L1 22:-22:L1 23:-23:L1 24:-24:L1 25:-25:L1 26:-26:L1 27:-27:L1 28:-28:L1 29:-29:L1 30:-30:L1 31:-31:L1 32:-32:L1 33:-33:L1 34:-34:L1 35:-35:L1 36:-36:L1 37:-37:L1 38:-38:L1 39:-39:L1 40:-40:L1 41:-41:L1 42:-42:L1 43:-43:L1 44:-44:L1 45:-45:L1 46:-46:L1 47:-47:L1 48:-48:L1 49:-49:L1 50:-50:L1 51:-51:L1 52:-52:L1 53:-53:L1 54:-54:L1 55:-55:L1 56:-56:L1 57:-57:L1 58:-58:L1 59:-59:L1 60:-60:L1 61:-61:L1 62:-62:L1 63:-63:L1 64:-64:L1 65:-65:L1 66:-66:L1 67:-67:L1 68:-68:L1 69:-69:L1 70:-70:L1 71:-71:L1 72:-72:L1 73:-73:L1 74:-74:L1 75:-75:L1 76:-76:L1 77:-77:L1 78:-78:L1 79:-79:L1 80:-80:L1 81:-81:L1 82:-82:L1 83:-83:L1 84:-84:L1 85:-85:L1 86:-86:L1 87:-87:L1 88:-88:L1 89:-89:L1 90:-90:L1 91:-91:L1 92:-92:L1 93:-93:L1 94:-94:L1 95:-95:L1 96:-96:L1 97:-97:L1 98:-98:L1 99:-99:L1 100:-100:L1 101:-101:L1 102:-102:L1 103:-103:L1 104:-104:L1 105:-105:L1 106:-106:L1 107:-107:L1 108:-108:L1 109:-109:L1 110:-110:L1 111:-111:L1 112:-112:L1 113:-113:L1 114:-114:L1 115:-115:L1 116:-116:L1 117:-117:L1 118:-118:L1 119:-119:L1 120:-120:L1 121:-121:L1 122:-122:L1 123:-123:L1 124:-124:L1 125:-125:L1 126:-126:L1 127:-127:L1 128:-128:L1 129:-129:L1 130:-130:L1 131:-131:L1 132:-132:L1 133:-133:L1 134:-134:L1 135:-135:L1 136:-136:L1 137:-137:L1 138:-138:L1 139:-139:L1 140:-140:L1 141:-141:L1 142:-142:L1 143:-143:L1 144:-144:L1 145:-145:L1 146:-146:L1 147:-147:L1 148:-148:L1 149:-149:L1 150:-150:L1 151:-151:L1 152:-152:L1 153:-153:L1 154:-154:L1 155:-155:L1 156:-156:L1 157:-157:L1 158:-158:L1 159:-159:L1 160:-160:L1 161:-161:L1 162:-162:L1 163:-163:L1 164:-164:L1 165:-165:L1 166:-166:L1 167:-167:L1 168:-168:L1 169:-169:L1 170:-170:L1 171:-171:L1 172:-172:L1 173:-173:L1 174:-174:L1 175:-175:L1 176:-176:L1 177:-177:L1 178:-178:L1 179:-179:L1 180:-180:L1 181:-181:L1 182:-182:L1 183:-183:L1 184:-184:L1 185:-185:L1 186:-186:L1 187:-187:L1 188:-188:L1 189:-189:L1 190:-190:L1 191:-191:L1 192:-192:L1 193:-193:L1 194:-194:L1 195:-195:L1 196:-196:L1 197:-197:L1 198:-198:L1 199:-199:L1 200:-200:L1 201:-201:L1 202:-202:L1 203:-203:L1 204:-204:L1 205:-205:L1 206:-206:L1 207:-207:L1 208:-208:L1 209:-209:L1 210:-210:L1 211:-211:L1 212:-212:L1 213:-213:L1 214:-214:L1 215:-215:L1 216:-216:L1 217:-217:L1 218:-218:L1 219:-219:L1 220:-220:L1 221:-221:L1 222:-222:L1 223:-223:L1 224:-224:L1 225:-225:L1 226:-226:L1 227:-227:L1 228:-228:L1 229:-229:L1 230:-230:L1 231:-231:L1 232:-232:L1 233:-233:L1 234:-234:L1 235:-235:L1 236:-236:L1 237:-237:L1 238:-238:L1 239:-239:L1 240:-240:L1 241:-241:L1 242:-242:L1 243:-243:L1 244:-244:L1 245:-245:L1 246:-246:L1 247:-247:L1 248:-248:L1 249:-249:L1 250:-250:L1 251:-251:L1 252:-252:L1 253:-253:L1 254:-254:L1 255:-255:L1 256:-256:L1 257:-257:L1 258:-258:L1 259:-259:L1 260:-260:L1 261:-261:L1 262:-262:L1 263:-263:L1 264:-264:L1 265:-265:L1 266:-266:L1 267:-267:L1 268:-268:L1 269:-269:L1 270:-270:L1 271:-271:L1 272:-272:L1 273:-273:L1 274:-274:L1 275:-275:L1 276:-276:L1 277:-277:L1 278:-278:L1 279:-279:L1 280:-280:L1 281:-281:L1 282:-282:L1 283:-283:L1 284:-284:L1 285:-285:L1 286:-286:L1 287:-287:L1 288:-288:L1 289:-289:L1 290:-290:L1 291:-291:L1 292:-292:L1 293:-293:L1 294:-294:L1 295:-295:L1 296:-296:L1 297:-297:L1 298:-298:L1 299:-299:L1 300:-300:L1 301:-301:L1 302:-302:L1 303:-303:L1 304:-304:L1 305:-305:L1 306:-306:L1 307:-307:L1 308:-308:L1 309:-309:L1 310:-310:L1 311:-311:L1 312:-312:L1 313:-313:L1 314:-314:L1 315:-315:L1 316:-316:L1 317:-317:L1 318:-318:L1 319:-319:L1 320:-320:L1 321:-321:L1 322:-322:L1 323:-323:L1 324:-324:L1 325:-325:L1 326:-326:L1 327:-327:L1 328:-328:L1 329:-329:L1 330:-330:L1 331:-331:L1 332:-332:L1 333:-333:L1 334:-334:L1 335:-335:L1 336:-336:L1 337:-337:L1 338:-338:L1 339:-339:L1 340:-340:L1 341:-341:L1 342:-342:L1 343:-343:L1 344:-344:L1 345:-345:L1 346:-346:L1 347:-347:L1 348:-348:L1 349:-349:L1 350:-350:L1 351:-351:L1 352:-352:L1 353:-353:L1 354:-354:L1 355:-355:L1 356:-356:L1 357:-357:L1 358:-358:L1 359:-359:L1 360:-360:L1 361:-361:L1 362:-362:L1 363:-363:L1 364:-364:L1 365:-365:L1 366:-366:L1 367:-367:L1 368:-368:L1 369:-369:L1 370:-370:L1 371:-371:L1 372:-372:L1 373:-373:L1 374:-374:L1 375:-375:L1 376:-376:L1 377:-377:L1 378:-378:L1 379:-379:L1 380:-380:L1 381:-381:L1 382:-382:L1 383:-383:L1 384:-384:L1 385:-385:L1 386:-386:L1 387:-387:L1 388:-388:L1 389:-389:L1 390:-390:L1 391:-391:L1 392:-392:L1 393:-393:L1 394:-394:L1 395:-395:L1 396:-396:L1 397:-397:L1 398:-398:L1 399:-399:L1 400:-400:L1 401:-401:L1 402:-402:L1 403:-403:L1 404:-404:L1 405:-405:L1 406:-406:L1 407:-407:L1 408:-408:L1 409:-409:L1 410:-410:L1 411:-411:L1 412:-412:L1 413:-413:L1 414:-414:L1 415:-415:L1 416:-416:L1 417:-417:L1 418:-418:L1 419:-419:L1 420:-420:L1 421:-421:L1 422:-422:L1 423:-423:L1 424:-424:L1 425:-425:L1 426:-426:L1 427:-427:L1 428:-428:L1 429:-429:L1 430:-430:L1 431:-431:L1 432:-432:L1 433:-433:L1 434:-434:L1 435:-435:L1 436:-436:L1 437:-437:L1 438:-438:L1 439:-439:L1 440:-440:L1 441:-441:L1 442:-442:L1 443:-443:L1 444:-444:L1 445:-445:L1 446:-446:L1 447:-447:L1 448:-448:L1 449:-449:L1 450:-450:L1 451:-451:L1 452:-452:L1 453:-453:L1 454:-454:L1 455:-455:L1 456:-456:L1 457:-457:L1 458:-458:L1 459:-459:L1 460:-460:L1 461:-461:L1 462:-462:L1 463:-463:L1 464:-464:L1 465:-465:L1 466:-466:L1 467:-467:L1 468:-468:L1 469:-469:L1 470:-470:L1 471:-471:L1 472:-472:L1 473:-473:L1 474:-474:L1 475:-475:L1 476:-476:L1 477:-477:L1 478:-478:L1 479:-479:L1 480:-480:L1 481:-481:L1 482:-482:L1 483:-483:L1 484:-484:L1 485:-485:L1 486:-486:L1 487:-487:L1 488:-488:L1 489:-489:L1 490:-490:L1 491:-491:L1 492:-492:L1 493:-493:L1 494:-494:L1 495:-495:L1 496:-496:L1 497:-497:L1 498:-498:L1 499:-499:L1 500:-500:L1 501:-501:L1 502:-502:L1 503:-503:L1 504:-504:L1 505:-505:L1 506:-506:L1 507:-507:L1 508:-508:L1 509:-509:L1 510:-510:L1 511:-511:L1 512:-512:L1 513:-513:L1 514:-514:L1 515:-515:L1 516:-516:L1 517:-517:L1 518:-518:L1 519:-519:L1 520:-520:L1 521:-521:L1 522:-522:L1 523:-523:L1 524:-524:L1 525:-525:L1 526:-526:L1 527:-527:L1 528:-528:L1 529:-529:L1 530:-530:L1 531:-531:L1 532:-532:L1 533:-533:L1 534:-534:L1 535:-535:L1 536:-536:L1 537:-537:L1 538:-538:L1 539:-539:L1 540:-540:L1 541:-541:L1 542:-542:L1 543:-543:L1 544:-544:L1 545:-545:L1 546:-546:L1 547:-547:L1 548:-548:L1 549:-549:L1 550:-550:L1 551:-551:L1 552:-552:L1 553:-553:L1 554:-554:L1 555:-555:L1 556:-556:L1 557:-557:L1 558:-558:L1 559:-559:L1 560:-560:L1 561:-561:L1 562:-562:L1 563:-563:L1 564:-564:L1 565:-565:L1 566:-566:L1 567:-567:L1 568:-568:L1 569:-569:L1 570:-570:L1 571:-571:L1 572:-572:L1 573:-573:L1 574:-574:L1 575:-575:L1 576:-576:L1 577:-577:L1 578:-578:L1 579:-579:L1 580:-580:L1 581:-581:L1 582:-582:L1 583:-583:L1 584:-584:L1 585:-585:L1 586:-586:L1 587:-587:L1 588:-588:L1 589:-589:L1 590:-590:L1 591:-591:L1 592:-592:L1 593:-593:L1 594:-594:L1 595:-595:L1 596:-596:L1 597:-597:L1 598:-598:L1 599:-599:L1 600:-600:L1 601:-601:L1 602:-602:L1 603:-603:L1 604:-604:L1 605:-605:L1 606:-606:L1 607:-607:L1 608:-608:L1 609:-609:L1 610:-610:L1 611:-611:L1 612:-612:L1 613:-613:L1 614:-614:L1 615:-615:L1 616:-616:L1 617:-617:L1 618:-618:L1 619:-619:L1 620:-620:L1 621:-621:L1 622:-622:L1 623:-623:L1 624:-624:L1 625:-625:L1 626:-626:L1 627:-627:L1 628:-628:L1 629:-629:L1 630:-630:L1 631:-631:L1 632:-632:L1 633:-633:L1 634:-634:L1 635:-635:L1 636:-636:L1 637:-637:L1 638:-638:L1 639:-639:L1 640:-640:L1 641:-641:L1 642:-642:L1 643:-643:L1 644:-644:L1 645:-645:L1 646:-646:L1 647:-647:L1 648:-648:L1 649:-649:L1 650:-650:L1 651:-651:L1 652:-652:L1 653:-653:L1 654:-654:L1 655:-655:L1 656:-656:L1 657:-657:L1 658:-658:L1 659:-659:L1 660:-660:L1 661:-661:L1 662:-662:L1 663:-663:L1 664:-664:L1 665:-665:L1 666:-666:L1 667:-667:L1 668:-668:L1 669:-669:L1 670:-670:L1 671:-671:L1 672:-672:L1 673:-673:L1 674:-674:L1 675:-675:L1 676:-676:L1 677:-677:L1 678:-678:L1 679:-679:L1 680:-680:L1 681:-681:L1 682:-682:L1 683:-683:L1 684:-684:L1 685:-685:L1 686:-686:L1 687:-687:L1 688:-688:L1 689:-689:L1 690:-690:L1 691:-691:L1 692:-692:L1 693:-693:L1 694:-694:L1 695:-695:L1 696:-696:L1 697:-697:L1 698:-698:L1 699:-699:L1 700:-700:L1 701:-701:L1 702:-702:L1 703:-703:L1 704:-704:L1 705:-705:L1 706:-706:L1 707:-707:L1 708:-708:L1 709:-709:L1 710:-710:L1 711:-711:L1 712:-712:L1 713:-713:L1 714:-714:L1 715:-715:L1 716:-716:L1 717:-717:L1 718:-718:L1 719:-719:L1 720:-720:L1 721:-721:L1 722:-722:L1 723:-723:L1 724:-724:L1 725:-725:L1 726:-726:L1 727:-727:L1 728:-728:L1 729:-729:L1 730:-730:L1 731:-731:L1 732:-732:L1 733:-733:L1 734:-734:L1 735:-735:L1 736:-736:L1 737:-737:L1 738:-738:L1 739:-739:L1 740:-740:L1 741:-741:L1 742:-742:L1 743:-743:L1 744:-744:L1 745:-745:L1 746:-746:L1 747:-747:L1 748:-748:L1 749:-749:L1 750:-750:L1 751:-751:L1 752:-752:L1 753:-753:L1 754:-754:L1 755:-755:L1 756:-756:L1 757:-757:L1 758:-758:L1 759:-759:L1 760:-760:L1 761:-761:L1 762:-762:L1 763:-763:L1 764:-764:L1 765:-765:L1 766:-766:L1 767:-767:L1 768:-768:L1 769:-769:L1 770:-770:L1 771:-771:L1 772:-772:L1 773:-773:L1 774:-774:L1 775:-775:L1 776:-776:L1 777:-777:L1 778:-778:L1 779:-779:L1 780:-780:L1 781:-781:L1 782:-782:L1 783:-783:L1 784:-784:L1 785:-785:L1 786:-786:L1 787:-787:L1 788:-788:L1 789:-789:L1 790:-790:L1 791:-791:L1 792:-792:L1 793:-793:L1 794:-794:L1 795:-795:L1 796:-796:L1 797:-797:L1 798:-798:L1 799:-799:L1 800:-800:L1 801:-801:L1 802:-802:L1 803:-803:L1 804:-804:L1 805:-805:L1 806:-806:L1 807:-807:L1 808:-808:L1 809:-809:L1 810:-810:L1 811:-811:L1 812:-812:L1 813:-813:L1 814:-814:L1 815:-815:L1 816:-816:L1 817:-817:L1 818:-818:L1 819:-819:L1 820:-820:L1 821:-821:L1 822:-822:L1 823:-823:L1 824:-824:L1 825:-825:L1 826:-826:L1 827:-827:L1 828:-828:L1 829:-829:L1 830:-830:L1 831:-831:L1 832:-832:L1 833:-833:L1 834:-834:L1 835:-835:L1 836:-836:L1 837:-837:L1 838:-838:L1 839:-839:L1 840:-840:L1 841:-841:L1 842:-842:L1 843:-843:L1 844:-844:L1 845:-845:L1 846:-846:L1 847:-847:L1 848:-848:L1 849:-849:L1 850:-850:L1 851:-851:L1 852:-852:L1 853:-853:L1 854:-854:L1 855:-855:L1 856:-856:L1 857:-857:L1 858:-858:L1 859:-859:L1 860:-860:L1 861:-861:L1 862:-862:L1 863:-863:L1 864:-864:L1 865:-865:L1 866:-866:L1 867:-867:L1 868:-868:L1 869:-869:L1 870:-870:L1 871:-871:L1 872:-872:L1 873:-873:L1 874:-874:L1 875:-875:L1 876:-876:L1 877:-877:L1 878:-878:L1 879:-879:L1 880:-880:L1 881:-881:L1 882:-882:L1 883:-883:L1 884:-884:L1 885:-885:L1 886:-886:L1 887:-887:L1 888:-888:L1 889:-889:L1 890:-890:L1 891:-891:L1 892:-892:L1 893:-893:L1 894:-894:L1 895:-895:L1 896:-896:L1 897:-897:L1 898:-898:L1 899:-899:L1 900:-900:L1 901:-901:L1 902:-902:L1 903:-903:L1 904:-904:L1 905:-905:L1 906:-906:L1 907:-907:L1 908:-908:L1 909:-909:L1 910:-910:L1 911:-911:L1 912:-912:L1 913:-913:L1 914:-914:L1 915:-915:L1 916:-916:L1 917:-917:L1 918:-918:L1 919:-919:L1 920:-920:L1 921:-921:L1 922:-922:L1 923:-923:L1 924:-924:L1 925:-925:L1 926:-926:L1 927:-927:L1 928:-928:L1 929:-929:L1 930:-930:L1 931:-931:L1 932:-932:L1 933:-933:L1 934:-934:L1 935:-935:L1 936:-936:L1 937:-937:L1 938:-938:L1 939:-939:L1 940:-940:L1 941:-941:L1 942:-942:L1 943:-943:L1 944:-944:L1 945:-945:L1 946:-946:L1 947:-947:L1 948:-948:L1 949:-949:L1 950:-950:L1 951:-951:L1 952:-952:L1 953:-953:L1 954:-954:L1 955:-955:L1 956:-956:L1 957:-957:L1 958:-958:L1 959:-959:L1 960:-960:L1 961:-961:L1 962:-962:L1 963:-963:L1 964:-964:L1 965:-965:L1 966:-966:L1 967:-967:L1 968:-968:L1 969:-969:L1 970:-970:L1 971:-971:L1 972:-972:L1 973:-973:L1 974:-974:L1 975:-975:L1 976:-976:L1 977:-977:L1 978:-978:L1 979:-979:L1 980:-980:L1 981:-981:L1 982:-982:L1 983:-983:L1 984:-984:L1 985:-985:L1 986:-986:L1 987:-987:L1 988:-988:L1 989:-989:L1 990:-990:L1 991:-991:L1 992:-992:L1 993:-993:L1 994:-994:L1 995:-995:L1 996:-996:L1 997:-997:L1 998:-998:L1 999:-999:L1 1000:-1000:L1 

WE SHOULD NOT GET TO THIS ELSE CASE
Assertion failed: (false), function printStats, file lsm.cpp, line 1090.
zsh: abort      ./database < commands.txt
sibiraja@dhcp-10-250-189-41 lsm_tree_db % 